// Jest Snapshot v1, https://goo.gl/fbAQLP

exports[`renders results 1`] = `
Array [
  <div
    className="result row"
>
    <div
        className="col-sm-8 col"
    >
        <div
            className="row"
        >
            <div
                className="col"
            >
                <a
                    href="http://example.fi"
                >
                    title
                </a>
            </div>
        </div>
        <div
            className="row"
        >
            <div
                className="col"
            >
                description
            </div>
        </div>
    </div>
    <div
        className="col-sm-2 col"
    >
        <div
            className="row"
        >
            <div
                className="col"
            >
                <button
                    className="btn btn-secondary"
                    onClick={[Function]}
                    type="button"
                >
                    <span
                        aria-hidden={true}
                        className="fa fa-thumbs-up fa-2x thumbs thumbs-up"
                        style={Object {}}
                    />
                </button>
            </div>
            <div
                className="col"
            >
                <button
                    className="btn btn-secondary"
                    onClick={[Function]}
                    type="button"
                >
                    <span
                        aria-hidden={true}
                        className="fa fa-thumbs-down fa-2x thumbs thumbs-down"
                        style={Object {}}
                    />
                </button>
            </div>
        </div>
    </div>
</div>,
  <div
    className="result row"
>
    <div
        className="col-sm-8 col"
    >
        <div
            className="row"
        >
            <div
                className="col"
            >
                <a
                    href="http://another.fi"
                >
                    other title
                </a>
            </div>
        </div>
        <div
            className="row"
        >
            <div
                className="col"
            >
                other description
            </div>
        </div>
    </div>
    <div
        className="col-sm-2 col"
    >
        <div
            className="row"
        >
            <div
                className="col"
            >
                <button
                    className="btn btn-secondary"
                    onClick={[Function]}
                    type="button"
                >
                    <span
                        aria-hidden={true}
                        className="fa fa-thumbs-up fa-2x thumbs thumbs-up"
                        style={Object {}}
                    />
                </button>
            </div>
            <div
                className="col"
            >
                <button
                    className="btn btn-secondary"
                    onClick={[Function]}
                    type="button"
                >
                    <span
                        aria-hidden={true}
                        className="fa fa-thumbs-down fa-2x thumbs thumbs-down"
                        style={Object {}}
                    />
                </button>
            </div>
        </div>
    </div>
</div>,
]
`;
