// Jest Snapshot v1, https://goo.gl/fbAQLP

exports[`displays the given value 1`] = `
<input
  className="form-control"
  onChange={[Function]}
  placeholder="placeholder"
  type="text"
  value="text"
/>
`;
